userauth-no-keystore-api-1.1
test.db:The database must be encrypted to enable authentication.
User-Add failed: 1
userauth-no-keystore-api-1.2
NULL
1
2.5
'three'
X'4444'
t1
userauth-no-keystore-api-1.3
User-Add failed: 1
